
> clawpact-contracts@1.0.0 test
> hardhat test

[dotenv@17.3.1] injecting env (4) from .env -- tip: 馃攼 encrypt with Dotenvx: https://dotenvx.com


  ClawPactTipJar
    Initialization
      1) should initialize with correct values
      2) should not allow double initialization
    Tipping
      3) should successfully tip with valid signature
      4) should update TipStats correctly
      5) should accumulate stats across multiple tips
    Guards
      6) should reject self-tipping
      7) should reject expired signature
      8) should reject replayed nonce
      9) should reject invalid signature (wrong signer)
      10) should reject tip below minimum
      11) should reject tip above max tip amount
      12) should reject when paused
    Daily Cap
      13) should enforce daily tip cap
      14) should report daily spent amount
      15) should allow unlimited tipping when daily cap is 0
    Admin
      16) should allow owner to update fee
      17) should reject fee above 10%
      18) should reject non-owner admin calls
      19) should allow owner to update signer
      20) should reject zero-address signer
    Edge Cases
      21) should handle 0% fee correctly
      22) should isolate nonces per user


  0 passing (1s)
  22 failing

  1) ClawPactTipJar
       Initialization
         should initialize with correct values:
     Error: Contract `src/ClawPactTipJar.sol:ClawPactTipJar` is not upgrade safe

@openzeppelin\contracts\utils\ReentrancyGuard.sol:58: Contract `ReentrancyGuard` has a constructor
    Define an initializer instead
    https://zpl.in/upgrades/error-001
      at assertUpgradeSafe (D:\AntigravityProjects\ClawPact\node_modules\.pnpm\@openzeppelin+upgrades-core@1.44.2\node_modules\@openzeppelin\upgrades-core\src\validate\query.ts:20:11)
      at validateImpl (D:\AntigravityProjects\ClawPact\node_modules\.pnpm\@openzeppelin+hardhat-upgra_efbee5853593b7e68d759d3e375f8dab\node_modules\@openzeppelin\hardhat-upgrades\src\utils\validate-impl.ts:42:20)
      at validateProxyImpl (D:\AntigravityProjects\ClawPact\node_modules\.pnpm\@openzeppelin+hardhat-upgra_efbee5853593b7e68d759d3e375f8dab\node_modules\@openzeppelin\hardhat-upgrades\src\utils\validate-impl.ts:63:10)
      at async deployProxyImpl (D:\AntigravityProjects\ClawPact\node_modules\.pnpm\@openzeppelin+hardhat-upgra_efbee5853593b7e68d759d3e375f8dab\node_modules\@openzeppelin\hardhat-upgrades\src\utils\deploy-impl.ts:72:3)
      at async Proxy.deployProxy (D:\AntigravityProjects\ClawPact\node_modules\.pnpm\@openzeppelin+hardhat-upgra_efbee5853593b7e68d759d3e375f8dab\node_modules\@openzeppelin\hardhat-upgrades\src\deploy-proxy.ts:55:28)
      at async deployFixture (test\ClawPactTipJar.test.ts:31:21)
      at async loadFixture (D:\AntigravityProjects\ClawPact\node_modules\.pnpm\@nomicfoundation+hardhat-ne_808087ed02f264f0f5d3b10b434aecb4\node_modules\@nomicfoundation\hardhat-network-helpers\src\loadFixture.ts:59:18)
      at async Context.<anonymous> (test\ClawPactTipJar.test.ts:102:58)

  2) ClawPactTipJar
       Initialization
         should not allow double initialization:
     Error: Contract `src/ClawPactTipJar.sol:ClawPactTipJar` is not upgrade safe

@openzeppelin\contracts\utils\ReentrancyGuard.sol:58: Contract `ReentrancyGuard` has a constructor
    Define an initializer instead
    https://zpl.in/upgrades/error-001
      at assertUpgradeSafe (D:\AntigravityProjects\ClawPact\node_modules\.pnpm\@openzeppelin+upgrades-core@1.44.2\node_modules\@openzeppelin\upgrades-core\src\validate\query.ts:20:11)
      at validateImpl (D:\AntigravityProjects\ClawPact\node_modules\.pnpm\@openzeppelin+hardhat-upgra_efbee5853593b7e68d759d3e375f8dab\node_modules\@openzeppelin\hardhat-upgrades\src\utils\validate-impl.ts:42:20)
      at validateProxyImpl (D:\AntigravityProjects\ClawPact\node_modules\.pnpm\@openzeppelin+hardhat-upgra_efbee5853593b7e68d759d3e375f8dab\node_modules\@openzeppelin\hardhat-upgrades\src\utils\validate-impl.ts:63:10)
      at async deployProxyImpl (D:\AntigravityProjects\ClawPact\node_modules\.pnpm\@openzeppelin+hardhat-upgra_efbee5853593b7e68d759d3e375f8dab\node_modules\@openzeppelin\hardhat-upgrades\src\utils\deploy-impl.ts:72:3)
      at async Proxy.deployProxy (D:\AntigravityProjects\ClawPact\node_modules\.pnpm\@openzeppelin+hardhat-upgra_efbee5853593b7e68d759d3e375f8dab\node_modules\@openzeppelin\hardhat-upgrades\src\deploy-proxy.ts:55:28)
      at async deployFixture (test\ClawPactTipJar.test.ts:31:21)
      at async loadFixture (D:\AntigravityProjects\ClawPact\node_modules\.pnpm\@nomicfoundation+hardhat-ne_808087ed02f264f0f5d3b10b434aecb4\node_modules\@nomicfoundation\hardhat-network-helpers\src\loadFixture.ts:59:18)
      at async Context.<anonymous> (test\ClawPactTipJar.test.ts:113:17)

  3) ClawPactTipJar
       Tipping
         should successfully tip with valid signature:
     Error: Contract `src/ClawPactTipJar.sol:ClawPactTipJar` is not upgrade safe

@openzeppelin\contracts\utils\ReentrancyGuard.sol:58: Contract `ReentrancyGuard` has a constructor
    Define an initializer instead
    https://zpl.in/upgrades/error-001
      at assertUpgradeSafe (D:\AntigravityProjects\ClawPact\node_modules\.pnpm\@openzeppelin+upgrades-core@1.44.2\node_modules\@openzeppelin\upgrades-core\src\validate\query.ts:20:11)
      at validateImpl (D:\AntigravityProjects\ClawPact\node_modules\.pnpm\@openzeppelin+hardhat-upgra_efbee5853593b7e68d759d3e375f8dab\node_modules\@openzeppelin\hardhat-upgrades\src\utils\validate-impl.ts:42:20)
      at validateProxyImpl (D:\AntigravityProjects\ClawPact\node_modules\.pnpm\@openzeppelin+hardhat-upgra_efbee5853593b7e68d759d3e375f8dab\node_modules\@openzeppelin\hardhat-upgrades\src\utils\validate-impl.ts:63:10)
      at async deployProxyImpl (D:\AntigravityProjects\ClawPact\node_modules\.pnpm\@openzeppelin+hardhat-upgra_efbee5853593b7e68d759d3e375f8dab\node_modules\@openzeppelin\hardhat-upgrades\src\utils\deploy-impl.ts:72:3)
      at async Proxy.deployProxy (D:\AntigravityProjects\ClawPact\node_modules\.pnpm\@openzeppelin+hardhat-upgra_efbee5853593b7e68d759d3e375f8dab\node_modules\@openzeppelin\hardhat-upgrades\src\deploy-proxy.ts:55:28)
      at async deployFixture (test\ClawPactTipJar.test.ts:31:21)
      at async loadFixture (D:\AntigravityProjects\ClawPact\node_modules\.pnpm\@nomicfoundation+hardhat-ne_808087ed02f264f0f5d3b10b434aecb4\node_modules\@nomicfoundation\hardhat-network-helpers\src\loadFixture.ts:59:18)
      at async Context.<anonymous> (test\ClawPactTipJar.test.ts:130:17)

  4) ClawPactTipJar
       Tipping
         should update TipStats correctly:
     Error: Contract `src/ClawPactTipJar.sol:ClawPactTipJar` is not upgrade safe

@openzeppelin\contracts\utils\ReentrancyGuard.sol:58: Contract `ReentrancyGuard` has a constructor
    Define an initializer instead
    https://zpl.in/upgrades/error-001
      at assertUpgradeSafe (D:\AntigravityProjects\ClawPact\node_modules\.pnpm\@openzeppelin+upgrades-core@1.44.2\node_modules\@openzeppelin\upgrades-core\src\validate\query.ts:20:11)
      at validateImpl (D:\AntigravityProjects\ClawPact\node_modules\.pnpm\@openzeppelin+hardhat-upgra_efbee5853593b7e68d759d3e375f8dab\node_modules\@openzeppelin\hardhat-upgrades\src\utils\validate-impl.ts:42:20)
      at validateProxyImpl (D:\AntigravityProjects\ClawPact\node_modules\.pnpm\@openzeppelin+hardhat-upgra_efbee5853593b7e68d759d3e375f8dab\node_modules\@openzeppelin\hardhat-upgrades\src\utils\validate-impl.ts:63:10)
      at async deployProxyImpl (D:\AntigravityProjects\ClawPact\node_modules\.pnpm\@openzeppelin+hardhat-upgra_efbee5853593b7e68d759d3e375f8dab\node_modules\@openzeppelin\hardhat-upgrades\src\utils\deploy-impl.ts:72:3)
      at async Proxy.deployProxy (D:\AntigravityProjects\ClawPact\node_modules\.pnpm\@openzeppelin+hardhat-upgra_efbee5853593b7e68d759d3e375f8dab\node_modules\@openzeppelin\hardhat-upgrades\src\deploy-proxy.ts:55:28)
      at async deployFixture (test\ClawPactTipJar.test.ts:31:21)
      at async loadFixture (D:\AntigravityProjects\ClawPact\node_modules\.pnpm\@nomicfoundation+hardhat-ne_808087ed02f264f0f5d3b10b434aecb4\node_modules\@nomicfoundation\hardhat-network-helpers\src\loadFixture.ts:59:18)
      at async Context.<anonymous> (test\ClawPactTipJar.test.ts:169:17)

  5) ClawPactTipJar
       Tipping
         should accumulate stats across multiple tips:
     Error: Contract `src/ClawPactTipJar.sol:ClawPactTipJar` is not upgrade safe

@openzeppelin\contracts\utils\ReentrancyGuard.sol:58: Contract `ReentrancyGuard` has a constructor
    Define an initializer instead
    https://zpl.in/upgrades/error-001
      at assertUpgradeSafe (D:\AntigravityProjects\ClawPact\node_modules\.pnpm\@openzeppelin+upgrades-core@1.44.2\node_modules\@openzeppelin\upgrades-core\src\validate\query.ts:20:11)
      at validateImpl (D:\AntigravityProjects\ClawPact\node_modules\.pnpm\@openzeppelin+hardhat-upgra_efbee5853593b7e68d759d3e375f8dab\node_modules\@openzeppelin\hardhat-upgrades\src\utils\validate-impl.ts:42:20)
      at validateProxyImpl (D:\AntigravityProjects\ClawPact\node_modules\.pnpm\@openzeppelin+hardhat-upgra_efbee5853593b7e68d759d3e375f8dab\node_modules\@openzeppelin\hardhat-upgrades\src\utils\validate-impl.ts:63:10)
      at async deployProxyImpl (D:\AntigravityProjects\ClawPact\node_modules\.pnpm\@openzeppelin+hardhat-upgra_efbee5853593b7e68d759d3e375f8dab\node_modules\@openzeppelin\hardhat-upgrades\src\utils\deploy-impl.ts:72:3)
      at async Proxy.deployProxy (D:\AntigravityProjects\ClawPact\node_modules\.pnpm\@openzeppelin+hardhat-upgra_efbee5853593b7e68d759d3e375f8dab\node_modules\@openzeppelin\hardhat-upgrades\src\deploy-proxy.ts:55:28)
      at async deployFixture (test\ClawPactTipJar.test.ts:31:21)
      at async loadFixture (D:\AntigravityProjects\ClawPact\node_modules\.pnpm\@nomicfoundation+hardhat-ne_808087ed02f264f0f5d3b10b434aecb4\node_modules\@nomicfoundation\hardhat-network-helpers\src\loadFixture.ts:59:18)
      at async Context.<anonymous> (test\ClawPactTipJar.test.ts:199:17)

  6) ClawPactTipJar
       Guards
         should reject self-tipping:
     Error: Contract `src/ClawPactTipJar.sol:ClawPactTipJar` is not upgrade safe

@openzeppelin\contracts\utils\ReentrancyGuard.sol:58: Contract `ReentrancyGuard` has a constructor
    Define an initializer instead
    https://zpl.in/upgrades/error-001
      at assertUpgradeSafe (D:\AntigravityProjects\ClawPact\node_modules\.pnpm\@openzeppelin+upgrades-core@1.44.2\node_modules\@openzeppelin\upgrades-core\src\validate\query.ts:20:11)
      at validateImpl (D:\AntigravityProjects\ClawPact\node_modules\.pnpm\@openzeppelin+hardhat-upgra_efbee5853593b7e68d759d3e375f8dab\node_modules\@openzeppelin\hardhat-upgrades\src\utils\validate-impl.ts:42:20)
      at validateProxyImpl (D:\AntigravityProjects\ClawPact\node_modules\.pnpm\@openzeppelin+hardhat-upgra_efbee5853593b7e68d759d3e375f8dab\node_modules\@openzeppelin\hardhat-upgrades\src\utils\validate-impl.ts:63:10)
      at async deployProxyImpl (D:\AntigravityProjects\ClawPact\node_modules\.pnpm\@openzeppelin+hardhat-upgra_efbee5853593b7e68d759d3e375f8dab\node_modules\@openzeppelin\hardhat-upgrades\src\utils\deploy-impl.ts:72:3)
      at async Proxy.deployProxy (D:\AntigravityProjects\ClawPact\node_modules\.pnpm\@openzeppelin+hardhat-upgra_efbee5853593b7e68d759d3e375f8dab\node_modules\@openzeppelin\hardhat-upgrades\src\deploy-proxy.ts:55:28)
      at async deployFixture (test\ClawPactTipJar.test.ts:31:21)
      at async loadFixture (D:\AntigravityProjects\ClawPact\node_modules\.pnpm\@nomicfoundation+hardhat-ne_808087ed02f264f0f5d3b10b434aecb4\node_modules\@nomicfoundation\hardhat-network-helpers\src\loadFixture.ts:59:18)
      at async Context.<anonymous> (test\ClawPactTipJar.test.ts:225:17)

  7) ClawPactTipJar
       Guards
         should reject expired signature:
     Error: Contract `src/ClawPactTipJar.sol:ClawPactTipJar` is not upgrade safe

@openzeppelin\contracts\utils\ReentrancyGuard.sol:58: Contract `ReentrancyGuard` has a constructor
    Define an initializer instead
    https://zpl.in/upgrades/error-001
      at assertUpgradeSafe (D:\AntigravityProjects\ClawPact\node_modules\.pnpm\@openzeppelin+upgrades-core@1.44.2\node_modules\@openzeppelin\upgrades-core\src\validate\query.ts:20:11)
      at validateImpl (D:\AntigravityProjects\ClawPact\node_modules\.pnpm\@openzeppelin+hardhat-upgra_efbee5853593b7e68d759d3e375f8dab\node_modules\@openzeppelin\hardhat-upgrades\src\utils\validate-impl.ts:42:20)
      at validateProxyImpl (D:\AntigravityProjects\ClawPact\node_modules\.pnpm\@openzeppelin+hardhat-upgra_efbee5853593b7e68d759d3e375f8dab\node_modules\@openzeppelin\hardhat-upgrades\src\utils\validate-impl.ts:63:10)
      at async deployProxyImpl (D:\AntigravityProjects\ClawPact\node_modules\.pnpm\@openzeppelin+hardhat-upgra_efbee5853593b7e68d759d3e375f8dab\node_modules\@openzeppelin\hardhat-upgrades\src\utils\deploy-impl.ts:72:3)
      at async Proxy.deployProxy (D:\AntigravityProjects\ClawPact\node_modules\.pnpm\@openzeppelin+hardhat-upgra_efbee5853593b7e68d759d3e375f8dab\node_modules\@openzeppelin\hardhat-upgrades\src\deploy-proxy.ts:55:28)
      at async deployFixture (test\ClawPactTipJar.test.ts:31:21)
      at async loadFixture (D:\AntigravityProjects\ClawPact\node_modules\.pnpm\@nomicfoundation+hardhat-ne_808087ed02f264f0f5d3b10b434aecb4\node_modules\@nomicfoundation\hardhat-network-helpers\src\loadFixture.ts:59:18)
      at async Context.<anonymous> (test\ClawPactTipJar.test.ts:243:17)

  8) ClawPactTipJar
       Guards
         should reject replayed nonce:
     Error: Contract `src/ClawPactTipJar.sol:ClawPactTipJar` is not upgrade safe

@openzeppelin\contracts\utils\ReentrancyGuard.sol:58: Contract `ReentrancyGuard` has a constructor
    Define an initializer instead
    https://zpl.in/upgrades/error-001
      at assertUpgradeSafe (D:\AntigravityProjects\ClawPact\node_modules\.pnpm\@openzeppelin+upgrades-core@1.44.2\node_modules\@openzeppelin\upgrades-core\src\validate\query.ts:20:11)
      at validateImpl (D:\AntigravityProjects\ClawPact\node_modules\.pnpm\@openzeppelin+hardhat-upgra_efbee5853593b7e68d759d3e375f8dab\node_modules\@openzeppelin\hardhat-upgrades\src\utils\validate-impl.ts:42:20)
      at validateProxyImpl (D:\AntigravityProjects\ClawPact\node_modules\.pnpm\@openzeppelin+hardhat-upgra_efbee5853593b7e68d759d3e375f8dab\node_modules\@openzeppelin\hardhat-upgrades\src\utils\validate-impl.ts:63:10)
      at async deployProxyImpl (D:\AntigravityProjects\ClawPact\node_modules\.pnpm\@openzeppelin+hardhat-upgra_efbee5853593b7e68d759d3e375f8dab\node_modules\@openzeppelin\hardhat-upgrades\src\utils\deploy-impl.ts:72:3)
      at async Proxy.deployProxy (D:\AntigravityProjects\ClawPact\node_modules\.pnpm\@openzeppelin+hardhat-upgra_efbee5853593b7e68d759d3e375f8dab\node_modules\@openzeppelin\hardhat-upgrades\src\deploy-proxy.ts:55:28)
      at async deployFixture (test\ClawPactTipJar.test.ts:31:21)
      at async loadFixture (D:\AntigravityProjects\ClawPact\node_modules\.pnpm\@nomicfoundation+hardhat-ne_808087ed02f264f0f5d3b10b434aecb4\node_modules\@nomicfoundation\hardhat-network-helpers\src\loadFixture.ts:59:18)
      at async Context.<anonymous> (test\ClawPactTipJar.test.ts:261:17)

  9) ClawPactTipJar
       Guards
         should reject invalid signature (wrong signer):
     Error: Contract `src/ClawPactTipJar.sol:ClawPactTipJar` is not upgrade safe

@openzeppelin\contracts\utils\ReentrancyGuard.sol:58: Contract `ReentrancyGuard` has a constructor
    Define an initializer instead
    https://zpl.in/upgrades/error-001
      at assertUpgradeSafe (D:\AntigravityProjects\ClawPact\node_modules\.pnpm\@openzeppelin+upgrades-core@1.44.2\node_modules\@openzeppelin\upgrades-core\src\validate\query.ts:20:11)
      at validateImpl (D:\AntigravityProjects\ClawPact\node_modules\.pnpm\@openzeppelin+hardhat-upgra_efbee5853593b7e68d759d3e375f8dab\node_modules\@openzeppelin\hardhat-upgrades\src\utils\validate-impl.ts:42:20)
      at validateProxyImpl (D:\AntigravityProjects\ClawPact\node_modules\.pnpm\@openzeppelin+hardhat-upgra_efbee5853593b7e68d759d3e375f8dab\node_modules\@openzeppelin\hardhat-upgrades\src\utils\validate-impl.ts:63:10)
      at async deployProxyImpl (D:\AntigravityProjects\ClawPact\node_modules\.pnpm\@openzeppelin+hardhat-upgra_efbee5853593b7e68d759d3e375f8dab\node_modules\@openzeppelin\hardhat-upgrades\src\utils\deploy-impl.ts:72:3)
      at async Proxy.deployProxy (D:\AntigravityProjects\ClawPact\node_modules\.pnpm\@openzeppelin+hardhat-upgra_efbee5853593b7e68d759d3e375f8dab\node_modules\@openzeppelin\hardhat-upgrades\src\deploy-proxy.ts:55:28)
      at async deployFixture (test\ClawPactTipJar.test.ts:31:21)
      at async loadFixture (D:\AntigravityProjects\ClawPact\node_modules\.pnpm\@nomicfoundation+hardhat-ne_808087ed02f264f0f5d3b10b434aecb4\node_modules\@nomicfoundation\hardhat-network-helpers\src\loadFixture.ts:59:18)
      at async Context.<anonymous> (test\ClawPactTipJar.test.ts:285:17)

  10) ClawPactTipJar
       Guards
         should reject tip below minimum:
     Error: Contract `src/ClawPactTipJar.sol:ClawPactTipJar` is not upgrade safe

@openzeppelin\contracts\utils\ReentrancyGuard.sol:58: Contract `ReentrancyGuard` has a constructor
    Define an initializer instead
    https://zpl.in/upgrades/error-001
      at assertUpgradeSafe (D:\AntigravityProjects\ClawPact\node_modules\.pnpm\@openzeppelin+upgrades-core@1.44.2\node_modules\@openzeppelin\upgrades-core\src\validate\query.ts:20:11)
      at validateImpl (D:\AntigravityProjects\ClawPact\node_modules\.pnpm\@openzeppelin+hardhat-upgra_efbee5853593b7e68d759d3e375f8dab\node_modules\@openzeppelin\hardhat-upgrades\src\utils\validate-impl.ts:42:20)
      at validateProxyImpl (D:\AntigravityProjects\ClawPact\node_modules\.pnpm\@openzeppelin+hardhat-upgra_efbee5853593b7e68d759d3e375f8dab\node_modules\@openzeppelin\hardhat-upgrades\src\utils\validate-impl.ts:63:10)
      at async deployProxyImpl (D:\AntigravityProjects\ClawPact\node_modules\.pnpm\@openzeppelin+hardhat-upgra_efbee5853593b7e68d759d3e375f8dab\node_modules\@openzeppelin\hardhat-upgrades\src\utils\deploy-impl.ts:72:3)
      at async Proxy.deployProxy (D:\AntigravityProjects\ClawPact\node_modules\.pnpm\@openzeppelin+hardhat-upgra_efbee5853593b7e68d759d3e375f8dab\node_modules\@openzeppelin\hardhat-upgrades\src\deploy-proxy.ts:55:28)
      at async deployFixture (test\ClawPactTipJar.test.ts:31:21)
      at async loadFixture (D:\AntigravityProjects\ClawPact\node_modules\.pnpm\@nomicfoundation+hardhat-ne_808087ed02f264f0f5d3b10b434aecb4\node_modules\@nomicfoundation\hardhat-network-helpers\src\loadFixture.ts:59:18)
      at async Context.<anonymous> (test\ClawPactTipJar.test.ts:304:17)

  11) ClawPactTipJar
       Guards
         should reject tip above max tip amount:
     Error: Contract `src/ClawPactTipJar.sol:ClawPactTipJar` is not upgrade safe

@openzeppelin\contracts\utils\ReentrancyGuard.sol:58: Contract `ReentrancyGuard` has a constructor
    Define an initializer instead
    https://zpl.in/upgrades/error-001
      at assertUpgradeSafe (D:\AntigravityProjects\ClawPact\node_modules\.pnpm\@openzeppelin+upgrades-core@1.44.2\node_modules\@openzeppelin\upgrades-core\src\validate\query.ts:20:11)
      at validateImpl (D:\AntigravityProjects\ClawPact\node_modules\.pnpm\@openzeppelin+hardhat-upgra_efbee5853593b7e68d759d3e375f8dab\node_modules\@openzeppelin\hardhat-upgrades\src\utils\validate-impl.ts:42:20)
      at validateProxyImpl (D:\AntigravityProjects\ClawPact\node_modules\.pnpm\@openzeppelin+hardhat-upgra_efbee5853593b7e68d759d3e375f8dab\node_modules\@openzeppelin\hardhat-upgrades\src\utils\validate-impl.ts:63:10)
      at async deployProxyImpl (D:\AntigravityProjects\ClawPact\node_modules\.pnpm\@openzeppelin+hardhat-upgra_efbee5853593b7e68d759d3e375f8dab\node_modules\@openzeppelin\hardhat-upgrades\src\utils\deploy-impl.ts:72:3)
      at async Proxy.deployProxy (D:\AntigravityProjects\ClawPact\node_modules\.pnpm\@openzeppelin+hardhat-upgra_efbee5853593b7e68d759d3e375f8dab\node_modules\@openzeppelin\hardhat-upgrades\src\deploy-proxy.ts:55:28)
      at async deployFixture (test\ClawPactTipJar.test.ts:31:21)
      at async loadFixture (D:\AntigravityProjects\ClawPact\node_modules\.pnpm\@nomicfoundation+hardhat-ne_808087ed02f264f0f5d3b10b434aecb4\node_modules\@nomicfoundation\hardhat-network-helpers\src\loadFixture.ts:59:18)
      at async Context.<anonymous> (test\ClawPactTipJar.test.ts:323:17)

  12) ClawPactTipJar
       Guards
         should reject when paused:
     Error: Contract `src/ClawPactTipJar.sol:ClawPactTipJar` is not upgrade safe

@openzeppelin\contracts\utils\ReentrancyGuard.sol:58: Contract `ReentrancyGuard` has a constructor
    Define an initializer instead
    https://zpl.in/upgrades/error-001
      at assertUpgradeSafe (D:\AntigravityProjects\ClawPact\node_modules\.pnpm\@openzeppelin+upgrades-core@1.44.2\node_modules\@openzeppelin\upgrades-core\src\validate\query.ts:20:11)
      at validateImpl (D:\AntigravityProjects\ClawPact\node_modules\.pnpm\@openzeppelin+hardhat-upgra_efbee5853593b7e68d759d3e375f8dab\node_modules\@openzeppelin\hardhat-upgrades\src\utils\validate-impl.ts:42:20)
      at validateProxyImpl (D:\AntigravityProjects\ClawPact\node_modules\.pnpm\@openzeppelin+hardhat-upgra_efbee5853593b7e68d759d3e375f8dab\node_modules\@openzeppelin\hardhat-upgrades\src\utils\validate-impl.ts:63:10)
      at async deployProxyImpl (D:\AntigravityProjects\ClawPact\node_modules\.pnpm\@openzeppelin+hardhat-upgra_efbee5853593b7e68d759d3e375f8dab\node_modules\@openzeppelin\hardhat-upgrades\src\utils\deploy-impl.ts:72:3)
      at async Proxy.deployProxy (D:\AntigravityProjects\ClawPact\node_modules\.pnpm\@openzeppelin+hardhat-upgra_efbee5853593b7e68d759d3e375f8dab\node_modules\@openzeppelin\hardhat-upgrades\src\deploy-proxy.ts:55:28)
      at async deployFixture (test\ClawPactTipJar.test.ts:31:21)
      at async loadFixture (D:\AntigravityProjects\ClawPact\node_modules\.pnpm\@nomicfoundation+hardhat-ne_808087ed02f264f0f5d3b10b434aecb4\node_modules\@nomicfoundation\hardhat-network-helpers\src\loadFixture.ts:59:18)
      at async Context.<anonymous> (test\ClawPactTipJar.test.ts:342:17)

  13) ClawPactTipJar
       Daily Cap
         should enforce daily tip cap:
     Error: Contract `src/ClawPactTipJar.sol:ClawPactTipJar` is not upgrade safe

@openzeppelin\contracts\utils\ReentrancyGuard.sol:58: Contract `ReentrancyGuard` has a constructor
    Define an initializer instead
    https://zpl.in/upgrades/error-001
      at assertUpgradeSafe (D:\AntigravityProjects\ClawPact\node_modules\.pnpm\@openzeppelin+upgrades-core@1.44.2\node_modules\@openzeppelin\upgrades-core\src\validate\query.ts:20:11)
      at validateImpl (D:\AntigravityProjects\ClawPact\node_modules\.pnpm\@openzeppelin+hardhat-upgra_efbee5853593b7e68d759d3e375f8dab\node_modules\@openzeppelin\hardhat-upgrades\src\utils\validate-impl.ts:42:20)
      at validateProxyImpl (D:\AntigravityProjects\ClawPact\node_modules\.pnpm\@openzeppelin+hardhat-upgra_efbee5853593b7e68d759d3e375f8dab\node_modules\@openzeppelin\hardhat-upgrades\src\utils\validate-impl.ts:63:10)
      at async deployProxyImpl (D:\AntigravityProjects\ClawPact\node_modules\.pnpm\@openzeppelin+hardhat-upgra_efbee5853593b7e68d759d3e375f8dab\node_modules\@openzeppelin\hardhat-upgrades\src\utils\deploy-impl.ts:72:3)
      at async Proxy.deployProxy (D:\AntigravityProjects\ClawPact\node_modules\.pnpm\@openzeppelin+hardhat-upgra_efbee5853593b7e68d759d3e375f8dab\node_modules\@openzeppelin\hardhat-upgrades\src\deploy-proxy.ts:55:28)
      at async deployFixture (test\ClawPactTipJar.test.ts:31:21)
      at async loadFixture (D:\AntigravityProjects\ClawPact\node_modules\.pnpm\@nomicfoundation+hardhat-ne_808087ed02f264f0f5d3b10b434aecb4\node_modules\@nomicfoundation\hardhat-network-helpers\src\loadFixture.ts:59:18)
      at async Context.<anonymous> (test\ClawPactTipJar.test.ts:366:17)

  14) ClawPactTipJar
       Daily Cap
         should report daily spent amount:
     Error: Contract `src/ClawPactTipJar.sol:ClawPactTipJar` is not upgrade safe

@openzeppelin\contracts\utils\ReentrancyGuard.sol:58: Contract `ReentrancyGuard` has a constructor
    Define an initializer instead
    https://zpl.in/upgrades/error-001
      at assertUpgradeSafe (D:\AntigravityProjects\ClawPact\node_modules\.pnpm\@openzeppelin+upgrades-core@1.44.2\node_modules\@openzeppelin\upgrades-core\src\validate\query.ts:20:11)
      at validateImpl (D:\AntigravityProjects\ClawPact\node_modules\.pnpm\@openzeppelin+hardhat-upgra_efbee5853593b7e68d759d3e375f8dab\node_modules\@openzeppelin\hardhat-upgrades\src\utils\validate-impl.ts:42:20)
      at validateProxyImpl (D:\AntigravityProjects\ClawPact\node_modules\.pnpm\@openzeppelin+hardhat-upgra_efbee5853593b7e68d759d3e375f8dab\node_modules\@openzeppelin\hardhat-upgrades\src\utils\validate-impl.ts:63:10)
      at async deployProxyImpl (D:\AntigravityProjects\ClawPact\node_modules\.pnpm\@openzeppelin+hardhat-upgra_efbee5853593b7e68d759d3e375f8dab\node_modules\@openzeppelin\hardhat-upgrades\src\utils\deploy-impl.ts:72:3)
      at async Proxy.deployProxy (D:\AntigravityProjects\ClawPact\node_modules\.pnpm\@openzeppelin+hardhat-upgra_efbee5853593b7e68d759d3e375f8dab\node_modules\@openzeppelin\hardhat-upgrades\src\deploy-proxy.ts:55:28)
      at async deployFixture (test\ClawPactTipJar.test.ts:31:21)
      at async loadFixture (D:\AntigravityProjects\ClawPact\node_modules\.pnpm\@nomicfoundation+hardhat-ne_808087ed02f264f0f5d3b10b434aecb4\node_modules\@nomicfoundation\hardhat-network-helpers\src\loadFixture.ts:59:18)
      at async Context.<anonymous> (test\ClawPactTipJar.test.ts:398:17)

  15) ClawPactTipJar
       Daily Cap
         should allow unlimited tipping when daily cap is 0:
     Error: Contract `src/ClawPactTipJar.sol:ClawPactTipJar` is not upgrade safe

@openzeppelin\contracts\utils\ReentrancyGuard.sol:58: Contract `ReentrancyGuard` has a constructor
    Define an initializer instead
    https://zpl.in/upgrades/error-001
      at assertUpgradeSafe (D:\AntigravityProjects\ClawPact\node_modules\.pnpm\@openzeppelin+upgrades-core@1.44.2\node_modules\@openzeppelin\upgrades-core\src\validate\query.ts:20:11)
      at validateImpl (D:\AntigravityProjects\ClawPact\node_modules\.pnpm\@openzeppelin+hardhat-upgra_efbee5853593b7e68d759d3e375f8dab\node_modules\@openzeppelin\hardhat-upgrades\src\utils\validate-impl.ts:42:20)
      at validateProxyImpl (D:\AntigravityProjects\ClawPact\node_modules\.pnpm\@openzeppelin+hardhat-upgra_efbee5853593b7e68d759d3e375f8dab\node_modules\@openzeppelin\hardhat-upgrades\src\utils\validate-impl.ts:63:10)
      at async deployProxyImpl (D:\AntigravityProjects\ClawPact\node_modules\.pnpm\@openzeppelin+hardhat-upgra_efbee5853593b7e68d759d3e375f8dab\node_modules\@openzeppelin\hardhat-upgrades\src\utils\deploy-impl.ts:72:3)
      at async Proxy.deployProxy (D:\AntigravityProjects\ClawPact\node_modules\.pnpm\@openzeppelin+hardhat-upgra_efbee5853593b7e68d759d3e375f8dab\node_modules\@openzeppelin\hardhat-upgrades\src\deploy-proxy.ts:55:28)
      at async deployFixture (test\ClawPactTipJar.test.ts:31:21)
      at async loadFixture (D:\AntigravityProjects\ClawPact\node_modules\.pnpm\@nomicfoundation+hardhat-ne_808087ed02f264f0f5d3b10b434aecb4\node_modules\@nomicfoundation\hardhat-network-helpers\src\loadFixture.ts:59:18)
      at async Context.<anonymous> (test\ClawPactTipJar.test.ts:415:17)

  16) ClawPactTipJar
       Admin
         should allow owner to update fee:
     Error: Contract `src/ClawPactTipJar.sol:ClawPactTipJar` is not upgrade safe

@openzeppelin\contracts\utils\ReentrancyGuard.sol:58: Contract `ReentrancyGuard` has a constructor
    Define an initializer instead
    https://zpl.in/upgrades/error-001
      at assertUpgradeSafe (D:\AntigravityProjects\ClawPact\node_modules\.pnpm\@openzeppelin+upgrades-core@1.44.2\node_modules\@openzeppelin\upgrades-core\src\validate\query.ts:20:11)
      at validateImpl (D:\AntigravityProjects\ClawPact\node_modules\.pnpm\@openzeppelin+hardhat-upgra_efbee5853593b7e68d759d3e375f8dab\node_modules\@openzeppelin\hardhat-upgrades\src\utils\validate-impl.ts:42:20)
      at validateProxyImpl (D:\AntigravityProjects\ClawPact\node_modules\.pnpm\@openzeppelin+hardhat-upgra_efbee5853593b7e68d759d3e375f8dab\node_modules\@openzeppelin\hardhat-upgrades\src\utils\validate-impl.ts:63:10)
      at async deployProxyImpl (D:\AntigravityProjects\ClawPact\node_modules\.pnpm\@openzeppelin+hardhat-upgra_efbee5853593b7e68d759d3e375f8dab\node_modules\@openzeppelin\hardhat-upgrades\src\utils\deploy-impl.ts:72:3)
      at async Proxy.deployProxy (D:\AntigravityProjects\ClawPact\node_modules\.pnpm\@openzeppelin+hardhat-upgra_efbee5853593b7e68d759d3e375f8dab\node_modules\@openzeppelin\hardhat-upgrades\src\deploy-proxy.ts:55:28)
      at async deployFixture (test\ClawPactTipJar.test.ts:31:21)
      at async loadFixture (D:\AntigravityProjects\ClawPact\node_modules\.pnpm\@nomicfoundation+hardhat-ne_808087ed02f264f0f5d3b10b434aecb4\node_modules\@nomicfoundation\hardhat-network-helpers\src\loadFixture.ts:59:18)
      at async Context.<anonymous> (test\ClawPactTipJar.test.ts:440:39)

  17) ClawPactTipJar
       Admin
         should reject fee above 10%:
     Error: Contract `src/ClawPactTipJar.sol:ClawPactTipJar` is not upgrade safe

@openzeppelin\contracts\utils\ReentrancyGuard.sol:58: Contract `ReentrancyGuard` has a constructor
    Define an initializer instead
    https://zpl.in/upgrades/error-001
      at assertUpgradeSafe (D:\AntigravityProjects\ClawPact\node_modules\.pnpm\@openzeppelin+upgrades-core@1.44.2\node_modules\@openzeppelin\upgrades-core\src\validate\query.ts:20:11)
      at validateImpl (D:\AntigravityProjects\ClawPact\node_modules\.pnpm\@openzeppelin+hardhat-upgra_efbee5853593b7e68d759d3e375f8dab\node_modules\@openzeppelin\hardhat-upgrades\src\utils\validate-impl.ts:42:20)
      at validateProxyImpl (D:\AntigravityProjects\ClawPact\node_modules\.pnpm\@openzeppelin+hardhat-upgra_efbee5853593b7e68d759d3e375f8dab\node_modules\@openzeppelin\hardhat-upgrades\src\utils\validate-impl.ts:63:10)
      at async deployProxyImpl (D:\AntigravityProjects\ClawPact\node_modules\.pnpm\@openzeppelin+hardhat-upgra_efbee5853593b7e68d759d3e375f8dab\node_modules\@openzeppelin\hardhat-upgrades\src\utils\deploy-impl.ts:72:3)
      at async Proxy.deployProxy (D:\AntigravityProjects\ClawPact\node_modules\.pnpm\@openzeppelin+hardhat-upgra_efbee5853593b7e68d759d3e375f8dab\node_modules\@openzeppelin\hardhat-upgrades\src\deploy-proxy.ts:55:28)
      at async deployFixture (test\ClawPactTipJar.test.ts:31:21)
      at async loadFixture (D:\AntigravityProjects\ClawPact\node_modules\.pnpm\@nomicfoundation+hardhat-ne_808087ed02f264f0f5d3b10b434aecb4\node_modules\@nomicfoundation\hardhat-network-helpers\src\loadFixture.ts:59:18)
      at async Context.<anonymous> (test\ClawPactTipJar.test.ts:448:39)

  18) ClawPactTipJar
       Admin
         should reject non-owner admin calls:
     Error: Contract `src/ClawPactTipJar.sol:ClawPactTipJar` is not upgrade safe

@openzeppelin\contracts\utils\ReentrancyGuard.sol:58: Contract `ReentrancyGuard` has a constructor
    Define an initializer instead
    https://zpl.in/upgrades/error-001
      at assertUpgradeSafe (D:\AntigravityProjects\ClawPact\node_modules\.pnpm\@openzeppelin+upgrades-core@1.44.2\node_modules\@openzeppelin\upgrades-core\src\validate\query.ts:20:11)
      at validateImpl (D:\AntigravityProjects\ClawPact\node_modules\.pnpm\@openzeppelin+hardhat-upgra_efbee5853593b7e68d759d3e375f8dab\node_modules\@openzeppelin\hardhat-upgrades\src\utils\validate-impl.ts:42:20)
      at validateProxyImpl (D:\AntigravityProjects\ClawPact\node_modules\.pnpm\@openzeppelin+hardhat-upgra_efbee5853593b7e68d759d3e375f8dab\node_modules\@openzeppelin\hardhat-upgrades\src\utils\validate-impl.ts:63:10)
      at async deployProxyImpl (D:\AntigravityProjects\ClawPact\node_modules\.pnpm\@openzeppelin+hardhat-upgra_efbee5853593b7e68d759d3e375f8dab\node_modules\@openzeppelin\hardhat-upgrades\src\utils\deploy-impl.ts:72:3)
      at async Proxy.deployProxy (D:\AntigravityProjects\ClawPact\node_modules\.pnpm\@openzeppelin+hardhat-upgra_efbee5853593b7e68d759d3e375f8dab\node_modules\@openzeppelin\hardhat-upgrades\src\deploy-proxy.ts:55:28)
      at async deployFixture (test\ClawPactTipJar.test.ts:31:21)
      at async loadFixture (D:\AntigravityProjects\ClawPact\node_modules\.pnpm\@nomicfoundation+hardhat-ne_808087ed02f264f0f5d3b10b434aecb4\node_modules\@nomicfoundation\hardhat-network-helpers\src\loadFixture.ts:59:18)
      at async Context.<anonymous> (test\ClawPactTipJar.test.ts:455:39)

  19) ClawPactTipJar
       Admin
         should allow owner to update signer:
     Error: Contract `src/ClawPactTipJar.sol:ClawPactTipJar` is not upgrade safe

@openzeppelin\contracts\utils\ReentrancyGuard.sol:58: Contract `ReentrancyGuard` has a constructor
    Define an initializer instead
    https://zpl.in/upgrades/error-001
      at assertUpgradeSafe (D:\AntigravityProjects\ClawPact\node_modules\.pnpm\@openzeppelin+upgrades-core@1.44.2\node_modules\@openzeppelin\upgrades-core\src\validate\query.ts:20:11)
      at validateImpl (D:\AntigravityProjects\ClawPact\node_modules\.pnpm\@openzeppelin+hardhat-upgra_efbee5853593b7e68d759d3e375f8dab\node_modules\@openzeppelin\hardhat-upgrades\src\utils\validate-impl.ts:42:20)
      at validateProxyImpl (D:\AntigravityProjects\ClawPact\node_modules\.pnpm\@openzeppelin+hardhat-upgra_efbee5853593b7e68d759d3e375f8dab\node_modules\@openzeppelin\hardhat-upgrades\src\utils\validate-impl.ts:63:10)
      at async deployProxyImpl (D:\AntigravityProjects\ClawPact\node_modules\.pnpm\@openzeppelin+hardhat-upgra_efbee5853593b7e68d759d3e375f8dab\node_modules\@openzeppelin\hardhat-upgrades\src\utils\deploy-impl.ts:72:3)
      at async Proxy.deployProxy (D:\AntigravityProjects\ClawPact\node_modules\.pnpm\@openzeppelin+hardhat-upgra_efbee5853593b7e68d759d3e375f8dab\node_modules\@openzeppelin\hardhat-upgrades\src\deploy-proxy.ts:55:28)
      at async deployFixture (test\ClawPactTipJar.test.ts:31:21)
      at async loadFixture (D:\AntigravityProjects\ClawPact\node_modules\.pnpm\@nomicfoundation+hardhat-ne_808087ed02f264f0f5d3b10b434aecb4\node_modules\@nomicfoundation\hardhat-network-helpers\src\loadFixture.ts:59:18)
      at async Context.<anonymous> (test\ClawPactTipJar.test.ts:462:46)

  20) ClawPactTipJar
       Admin
         should reject zero-address signer:
     Error: Contract `src/ClawPactTipJar.sol:ClawPactTipJar` is not upgrade safe

@openzeppelin\contracts\utils\ReentrancyGuard.sol:58: Contract `ReentrancyGuard` has a constructor
    Define an initializer instead
    https://zpl.in/upgrades/error-001
      at assertUpgradeSafe (D:\AntigravityProjects\ClawPact\node_modules\.pnpm\@openzeppelin+upgrades-core@1.44.2\node_modules\@openzeppelin\upgrades-core\src\validate\query.ts:20:11)
      at validateImpl (D:\AntigravityProjects\ClawPact\node_modules\.pnpm\@openzeppelin+hardhat-upgra_efbee5853593b7e68d759d3e375f8dab\node_modules\@openzeppelin\hardhat-upgrades\src\utils\validate-impl.ts:42:20)
      at validateProxyImpl (D:\AntigravityProjects\ClawPact\node_modules\.pnpm\@openzeppelin+hardhat-upgra_efbee5853593b7e68d759d3e375f8dab\node_modules\@openzeppelin\hardhat-upgrades\src\utils\validate-impl.ts:63:10)
      at async deployProxyImpl (D:\AntigravityProjects\ClawPact\node_modules\.pnpm\@openzeppelin+hardhat-upgra_efbee5853593b7e68d759d3e375f8dab\node_modules\@openzeppelin\hardhat-upgrades\src\utils\deploy-impl.ts:72:3)
      at async Proxy.deployProxy (D:\AntigravityProjects\ClawPact\node_modules\.pnpm\@openzeppelin+hardhat-upgra_efbee5853593b7e68d759d3e375f8dab\node_modules\@openzeppelin\hardhat-upgrades\src\deploy-proxy.ts:55:28)
      at async deployFixture (test\ClawPactTipJar.test.ts:31:21)
      at async loadFixture (D:\AntigravityProjects\ClawPact\node_modules\.pnpm\@nomicfoundation+hardhat-ne_808087ed02f264f0f5d3b10b434aecb4\node_modules\@nomicfoundation\hardhat-network-helpers\src\loadFixture.ts:59:18)
      at async Context.<anonymous> (test\ClawPactTipJar.test.ts:468:39)

  21) ClawPactTipJar
       Edge Cases
         should handle 0% fee correctly:
     Error: Contract `src/ClawPactTipJar.sol:ClawPactTipJar` is not upgrade safe

@openzeppelin\contracts\utils\ReentrancyGuard.sol:58: Contract `ReentrancyGuard` has a constructor
    Define an initializer instead
    https://zpl.in/upgrades/error-001
      at assertUpgradeSafe (D:\AntigravityProjects\ClawPact\node_modules\.pnpm\@openzeppelin+upgrades-core@1.44.2\node_modules\@openzeppelin\upgrades-core\src\validate\query.ts:20:11)
      at validateImpl (D:\AntigravityProjects\ClawPact\node_modules\.pnpm\@openzeppelin+hardhat-upgra_efbee5853593b7e68d759d3e375f8dab\node_modules\@openzeppelin\hardhat-upgrades\src\utils\validate-impl.ts:42:20)
      at validateProxyImpl (D:\AntigravityProjects\ClawPact\node_modules\.pnpm\@openzeppelin+hardhat-upgra_efbee5853593b7e68d759d3e375f8dab\node_modules\@openzeppelin\hardhat-upgrades\src\utils\validate-impl.ts:63:10)
      at async deployProxyImpl (D:\AntigravityProjects\ClawPact\node_modules\.pnpm\@openzeppelin+hardhat-upgra_efbee5853593b7e68d759d3e375f8dab\node_modules\@openzeppelin\hardhat-upgrades\src\utils\deploy-impl.ts:72:3)
      at async Proxy.deployProxy (D:\AntigravityProjects\ClawPact\node_modules\.pnpm\@openzeppelin+hardhat-upgra_efbee5853593b7e68d759d3e375f8dab\node_modules\@openzeppelin\hardhat-upgrades\src\deploy-proxy.ts:55:28)
      at async deployFixture (test\ClawPactTipJar.test.ts:31:21)
      at async loadFixture (D:\AntigravityProjects\ClawPact\node_modules\.pnpm\@nomicfoundation+hardhat-ne_808087ed02f264f0f5d3b10b434aecb4\node_modules\@nomicfoundation\hardhat-network-helpers\src\loadFixture.ts:59:18)
      at async Context.<anonymous> (test\ClawPactTipJar.test.ts:480:17)

  22) ClawPactTipJar
       Edge Cases
         should isolate nonces per user:
     Error: Contract `src/ClawPactTipJar.sol:ClawPactTipJar` is not upgrade safe

@openzeppelin\contracts\utils\ReentrancyGuard.sol:58: Contract `ReentrancyGuard` has a constructor
    Define an initializer instead
    https://zpl.in/upgrades/error-001
      at assertUpgradeSafe (D:\AntigravityProjects\ClawPact\node_modules\.pnpm\@openzeppelin+upgrades-core@1.44.2\node_modules\@openzeppelin\upgrades-core\src\validate\query.ts:20:11)
      at validateImpl (D:\AntigravityProjects\ClawPact\node_modules\.pnpm\@openzeppelin+hardhat-upgra_efbee5853593b7e68d759d3e375f8dab\node_modules\@openzeppelin\hardhat-upgrades\src\utils\validate-impl.ts:42:20)
      at validateProxyImpl (D:\AntigravityProjects\ClawPact\node_modules\.pnpm\@openzeppelin+hardhat-upgra_efbee5853593b7e68d759d3e375f8dab\node_modules\@openzeppelin\hardhat-upgrades\src\utils\validate-impl.ts:63:10)
      at async deployProxyImpl (D:\AntigravityProjects\ClawPact\node_modules\.pnpm\@openzeppelin+hardhat-upgra_efbee5853593b7e68d759d3e375f8dab\node_modules\@openzeppelin\hardhat-upgrades\src\utils\deploy-impl.ts:72:3)
      at async Proxy.deployProxy (D:\AntigravityProjects\ClawPact\node_modules\.pnpm\@openzeppelin+hardhat-upgra_efbee5853593b7e68d759d3e375f8dab\node_modules\@openzeppelin\hardhat-upgrades\src\deploy-proxy.ts:55:28)
      at async deployFixture (test\ClawPactTipJar.test.ts:31:21)
      at async loadFixture (D:\AntigravityProjects\ClawPact\node_modules\.pnpm\@nomicfoundation+hardhat-ne_808087ed02f264f0f5d3b10b434aecb4\node_modules\@nomicfoundation\hardhat-network-helpers\src\loadFixture.ts:59:18)
      at async Context.<anonymous> (test\ClawPactTipJar.test.ts:503:17)



